Archive member included because of file (symbol)

C:/Freescale/CW MCU v10.5/MCU/ARM_GCC_Support/ewl/lib/armv6-m\libc.a(sscanf.o)
                              ./Sources/TFC/TFC_Terminal.o (sscanf)
C:/Freescale/CW MCU v10.5/MCU/ARM_GCC_Support/ewl/lib/armv6-m\libc.a(vsprintf.o)
                              ./Sources/TFC/TFC_Queue.o (vsprintf)
C:/Freescale/CW MCU v10.5/MCU/ARM_GCC_Support/ewl/lib/armv6-m\libc.a(vsscanf.o)
                              C:/Freescale/CW MCU v10.5/MCU/ARM_GCC_Support/ewl/lib/armv6-m\libc.a(sscanf.o) (vsscanf)
C:/Freescale/CW MCU v10.5/MCU/ARM_GCC_Support/ewl/lib/armv6-m\libc.a(exit.o)
                              ./Project_Settings/Startup_Code/__arm_start.o (exit)
C:/Freescale/CW MCU v10.5/MCU/ARM_GCC_Support/ewl/lib/armv6-m\libc.a(memset.o)
                              ./Project_Settings/Startup_Code/__arm_start.o (memset)
C:/Freescale/CW MCU v10.5/MCU/ARM_GCC_Support/ewl/lib/armv6-m\libc.a(strcmp.o)
                              ./Sources/TFC/TFC_Terminal.o (strcmp)
C:/Freescale/CW MCU v10.5/MCU/ARM_GCC_Support/ewl/lib/armv6-m\libc.a(strcpy.o)
                              ./Sources/TFC/TFC_Terminal.o (strcpy)
C:/Freescale/CW MCU v10.5/MCU/ARM_GCC_Support/ewl/lib/armv6-m\libc.a(strlen.o)
                              ./Sources/TFC/TFC_Queue.o (strlen)
C:/Freescale/CW MCU v10.5/MCU/ARM_GCC_Support/ewl/lib/armv6-m\libc.a(printformat_.o)
                              (__pformatter_)
C:/Freescale/CW MCU v10.5/MCU/ARM_GCC_Support/ewl/lib/armv6-m\libc.a(scanformat_.o)
                              (__sformatter)
C:/Freescale/CW MCU v10.5/MCU/ARM_GCC_Support/ewl/lib/armv6-m\libc.a(ctype_aeabi.o)
                              C:/Freescale/CW MCU v10.5/MCU/ARM_GCC_Support/ewl/lib/armv6-m\libc.a(scanformat_.o) (isspace)
C:/Freescale/CW MCU v10.5/MCU/ARM_GCC_Support/ewl/lib/armv6-m\libc.a(vsnprintf.o)
                              C:/Freescale/CW MCU v10.5/MCU/ARM_GCC_Support/ewl/lib/armv6-m\libc.a(vsprintf.o) (vsnprintf)
C:/Freescale/CW MCU v10.5/MCU/ARM_GCC_Support/ewl/lib/armv6-m\libc.a(__strtoul.o)
                              C:/Freescale/CW MCU v10.5/MCU/ARM_GCC_Support/ewl/lib/armv6-m\libc.a(scanformat_.o) (__strtoul)
C:/Freescale/CW MCU v10.5/MCU/ARM_GCC_Support/ewl/lib/armv6-m\libc.a(__filll_mem.o)
                              C:/Freescale/CW MCU v10.5/MCU/ARM_GCC_Support/ewl/lib/armv6-m\libc.a(memset.o) (__fill_mem)
C:/Freescale/CW MCU v10.5/MCU/ARM_GCC_Support/ewl/lib/armv6-m\libc.a(memchr.o)
                              C:/Freescale/CW MCU v10.5/MCU/ARM_GCC_Support/ewl/lib/armv6-m\libc.a(printformat_.o) (memchr)
C:/Freescale/CW MCU v10.5/MCU/ARM_GCC_Support/ewl/lib/armv6-m\libc.a(memcpy.o)
                              C:/Freescale/CW MCU v10.5/MCU/ARM_GCC_Support/ewl/lib/armv6-m\libc.a(scanformat_.o) (memcpy)
C:/Freescale/CW MCU v10.5/MCU/ARM_GCC_Support/ewl/lib/armv6-m\libc.a(strchr.o)
                              C:/Freescale/CW MCU v10.5/MCU/ARM_GCC_Support/ewl/lib/armv6-m\libc.a(printformat_.o) (strchr)
c:/freescale/cw mcu v10.5/cross_tools/arm-none-eabi-gcc-4_7_3/bin/../lib/gcc/arm-none-eabi/4.7.3/armv6-m\libgcc.a(_thumb1_case_sqi.o)
                              C:/Freescale/CW MCU v10.5/MCU/ARM_GCC_Support/ewl/lib/armv6-m\libc.a(__strtoul.o) (__gnu_thumb1_case_sqi)
c:/freescale/cw mcu v10.5/cross_tools/arm-none-eabi-gcc-4_7_3/bin/../lib/gcc/arm-none-eabi/4.7.3/armv6-m\libgcc.a(_thumb1_case_uqi.o)
                              C:/Freescale/CW MCU v10.5/MCU/ARM_GCC_Support/ewl/lib/armv6-m\libc.a(scanformat_.o) (__gnu_thumb1_case_uqi)
c:/freescale/cw mcu v10.5/cross_tools/arm-none-eabi-gcc-4_7_3/bin/../lib/gcc/arm-none-eabi/4.7.3/armv6-m\libgcc.a(_udivsi3.o)
                              ./Sources/TFC/TFC_UART.o (__aeabi_uidiv)
c:/freescale/cw mcu v10.5/cross_tools/arm-none-eabi-gcc-4_7_3/bin/../lib/gcc/arm-none-eabi/4.7.3/armv6-m\libgcc.a(_divsi3.o)
                              ./Sources/gsc_scheduler/periodic_tasks/periodic_tasks_exec.o (__aeabi_idiv)
c:/freescale/cw mcu v10.5/cross_tools/arm-none-eabi-gcc-4_7_3/bin/../lib/gcc/arm-none-eabi/4.7.3/armv6-m\libgcc.a(_dvmd_tls.o)
                              c:/freescale/cw mcu v10.5/cross_tools/arm-none-eabi-gcc-4_7_3/bin/../lib/gcc/arm-none-eabi/4.7.3/armv6-m\libgcc.a(_udivsi3.o) (__aeabi_idiv0)
c:/freescale/cw mcu v10.5/cross_tools/arm-none-eabi-gcc-4_7_3/bin/../lib/gcc/arm-none-eabi/4.7.3/armv6-m\libgcc.a(_arm_cmpsf2.o)
                              ./Sources/TFC/TFC_Motor.o (__aeabi_fcmplt)
c:/freescale/cw mcu v10.5/cross_tools/arm-none-eabi-gcc-4_7_3/bin/../lib/gcc/arm-none-eabi/4.7.3/armv6-m\libgcc.a(_fixunssfsi.o)
                              ./Sources/TFC/TFC_Servo.o (__aeabi_f2uiz)
c:/freescale/cw mcu v10.5/cross_tools/arm-none-eabi-gcc-4_7_3/bin/../lib/gcc/arm-none-eabi/4.7.3/armv6-m\libgcc.a(divsf3.o)
                              ./Sources/TFC/TFC_Terminal.o (__aeabi_fdiv)
c:/freescale/cw mcu v10.5/cross_tools/arm-none-eabi-gcc-4_7_3/bin/../lib/gcc/arm-none-eabi/4.7.3/armv6-m\libgcc.a(eqsf2.o)
[...]
Memory Configuration

Name             Origin             Length             Attributes
m_interrupts     0x00000000         0x000000c0         xr
m_cfmprotrom     0x00000400         0x00000010         xr
m_text           0x00000800         0x0001f800         xr
m_data           0x1ffff000         0x00004000         xrw
*default*        0x00000000         0xffffffff

Linker script and memory map

LOAD ./Project_Settings/Startup_Code/kinetis_sysinit.o
LOAD ./Project_Settings/Startup_Code/__arm_start.o
LOAD ./Project_Settings/Startup_Code/__arm_end.o
LOAD ./Sources/TFC/TFC_arm_cm0.o
LOAD ./Sources/TFC/TFC_UART.o
LOAD ./Sources/TFC/TFC_Terminal.o
LOAD ./Sources/TFC/TFC_Servo.o
LOAD ./Sources/TFC/TFC_Queue.o
LOAD ./Sources/TFC/TFC_Potentiometer.o
LOAD ./Sources/TFC/TFC_Motor.o
LOAD ./Sources/TFC/TFC_LineScanCamera.o
LOAD ./Sources/TFC/TFC_BoardSupport.o
LOAD ./Sources/TFC/TFC_ADC.o
LOAD ./Sources/TFC/TFC.o
LOAD ./Sources/app/Selection.o
LOAD ./Sources/app/RGB_LEDs.o
LOAD ./Sources/gsc_scheduler/gsc_sch_core/gsc_sch_core_tick_isr.o
LOAD ./Sources/gsc_scheduler/gsc_sch_core/gsc_sch_core_cfg.o
LOAD ./Sources/gsc_scheduler/gsc_sch_core/gsc_sch_core.o
LOAD ./Sources/gsc_scheduler/periodic_tasks/periodic_tasks_init.o
LOAD ./Sources/gsc_scheduler/periodic_tasks/periodic_tasks_exec.o
LOAD ./Sources/mcl/interrupts.o
LOAD ./Sources/mcl/CrystalClock.o
LOAD ./Sources/mcl/ARM_SysTick.o
LOAD ./Sources/port/Port.o
LOAD ./Sources/sa_mtb.o
LOAD ./Sources/main.o
                0x00002f64                __pformatter = __pformatter_
                [0x0000338c]                __sformatter = __sformatter
START GROUP
LOAD C:/Freescale/CW MCU v10.5/MCU/ARM_GCC_Support/ewl/lib/armv6-m\libc.a
LOAD C:/Freescale/CW MCU v10.5/MCU/ARM_GCC_Support/ewl/lib/armv6-m\libm.a
LOAD c:/freescale/cw mcu v10.5/cross_tools/arm-none-eabi-gcc-4_7_3/bin/../lib/gcc/arm-none-eabi/4.7.3/armv6-m\libgcc.a
LOAD C:/Freescale/CW MCU v10.5/MCU/ARM_GCC_Support/ewl/lib/armv6-m\librt.a
LOAD C:/Freescale/CW MCU v10.5/MCU/ARM_GCC_Support/ewl/lib/armv6-m\libuart.a
END GROUP
                0x20003000                _estack = 0x20003000
                0x20003000                __SP_INIT = _estack
                0x00000400                __heap_size = 0x400
                0x00000400                __stack_size = 0x400

.interrupts     0x00000000       0xc0
                0x00000000                __vector_table = .
                0x00000000                . = ALIGN (0x4)
 *(.vectortable)
 .vectortable   0x00000000       0xc0 ./Project_Settings/Startup_Code/kinetis_sysinit.o
                0x00000000                InterruptVector
                0x000000c0                . = ALIGN (0x4)

.cfmprotect     0x00000400        0x0
                0x00000400                . = ALIGN (0x4)
 *(.cfmconfig)
                0x00000400                . = ALIGN (0x4)

.text           0x00000800     0x3858
                0x00000800                . = ALIGN (0x4)
 *(.text)
 .text          0x00000800       0x14 c:/freescale/cw mcu v10.5/cross_tools/arm-none-eabi-gcc-4_7_3/bin/../lib/gcc/arm-none-eabi/4.7.3/armv6-m\libgcc.a(_thumb1_case_sqi.o)
                0x00000800                __gnu_thumb1_case_sqi
 .text          0x00000814       0x14 c:/freescale/cw mcu v10.5/cross_tools/arm-none-eabi-gcc-4_7_3/bin/../lib/gcc/arm-none-eabi/4.7.3/armv6-m\libgcc.a(_thumb1_case_uqi.o)
                0x00000814                __gnu_thumb1_case_uqi
 .text          0x00000828       0x9c c:/freescale/cw mcu v10.5/cross_tools/arm-none-eabi-gcc-4_7_3/bin/../lib/gcc/arm-none-eabi/4.7.3/armv6-m\libgcc.a(_udivsi3.o)
                0x00000828                __aeabi_uidiv
                0x00000828                __udivsi3
                0x000008b0                __aeabi_uidivmod
 .text          0x000008c4       0xc0 c:/freescale/cw mcu v10.5/cross_tools/arm-none-eabi-gcc-4_7_3/bin/../lib/gcc/arm-none-eabi/4.7.3/armv6-m\libgcc.a(_divsi3.o)
                0x000008c4                __divsi3
                0x000008c4                __aeabi_idiv
                0x00000970                __aeabi_idivmod
 .text          0x00000984        0x4 c:/freescale/cw mcu v10.5/cross_tools/arm-none-eabi-gcc-4_7_3/bin/../lib/gcc/arm-none-eabi/4.7.3/armv6-m\libgcc.a(_dvmd_tls.o)
                0x00000984                __aeabi_idiv0
                0x00000984                __aeabi_ldiv0
 .text          0x00000988       0x74 c:/freescale/cw mcu v10.5/cross_tools/arm-none-eabi-gcc-4_7_3/bin/../lib/gcc/arm-none-eabi/4.7.3/armv6-m\libgcc.a(_arm_cmpsf2.o)
                0x00000988                __aeabi_cfrcmple
                0x00000990                __aeabi_cfcmpeq
                0x00000990                __aeabi_cfcmple
                0x000009a0                __aeabi_fcmpeq
                0x000009ac                __aeabi_fcmplt
                0x000009c0                __aeabi_fcmple
                0x000009d4                __aeabi_fcmpgt
                0x000009e8                __aeabi_fcmpge
 .text          0x000009fc       0x30 c:/freescale/cw mcu v10.5/cross_tools/arm-none-eabi-gcc-4_7_3/bin/../lib/gcc/arm-none-eabi/4.7.3/armv6-m\libgcc.a(_fixunssfsi.o)
                0x000009fc                __fixunssfsi
                0x000009fc                __aeabi_f2uiz
 .text          0x00000a2c       0x50 c:/freescale/cw mcu v10.5/cross_tools/arm-none-eabi-gcc-4_7_3/bin/../lib/gcc/arm-none-eabi/4.7.3/armv6-m\libgcc.a(eqsf2.o)
                0x00000a2c                __eqsf2
                0x00000a2c                __nesf2
 .text          0x00000a7c       0x90 c:/freescale/cw mcu v10.5/cross_tools/arm-none-eabi-gcc-4_7_3/bin/../lib/gcc/arm-none-eabi/4.7.3/armv6-m\libgcc.a(gesf2.o)
                0x00000a7c                __gesf2
                0x00000a7c                __gtsf2
 .text          0x00000b0c       0x90 c:/freescale/cw mcu v10.5/cross_tools/arm-none-eabi-gcc-4_7_3/bin/../lib/gcc/arm-none-eabi/4.7.3/armv6-m\libgcc.a(lesf2.o)
                0x00000b0c                __ltsf2
                0x00000b0c                __lesf2
 .text          0x00000b9c      0x3ac c:/freescale/cw mcu v10.5/cross_tools/arm-none-eabi-gcc-4_7_3/bin/../lib/gcc/arm-none-eabi/4.7.3/armv6-m\libgcc.a(subsf3.o)
                0x00000b9c                __aeabi_fsub
 .text          0x00000f48       0x40 c:/freescale/cw mcu v10.5/cross_tools/arm-none-eabi-gcc-4_7_3/bin/../lib/gcc/arm-none-eabi/4.7.3/armv6-m\libgcc.a(fixsfsi.o)
                0x00000f48                __aeabi_f2iz
 .text          0x00000f88      0x5b8 c:/freescale/cw mcu v10.5/cross_tools/arm-none-eabi-gcc-4_7_3/bin/../lib/gcc/arm-none-eabi/4.7.3/armv6-m\libgcc.a(divdf3.o)
                0x00000f88                __aeabi_ddiv
 .text          0x00001540      0x4e4 c:/freescale/cw mcu v10.5/cross_tools/arm-none-eabi-gcc-4_7_3/bin/../lib/gcc/arm-none-eabi/4.7.3/armv6-m\libgcc.a(muldf3.o)
                0x00001540                __aeabi_dmul
 .text          0x00001a24       0x64 c:/freescale/cw mcu v10.5/cross_tools/arm-none-eabi-gcc-4_7_3/bin/../lib/gcc/arm-none-eabi/4.7.3/armv6-m\libgcc.a(floatunsidf.o)
                0x00001a24                __aeabi_ui2d
 .text          0x00001a88      0x134 c:/freescale/cw mcu v10.5/cross_tools/arm-none-eabi-gcc-4_7_3/bin/../lib/gcc/arm-none-eabi/4.7.3/armv6-m\libgcc.a(truncdfsf2.o)
                0x00001a88                __aeabi_d2f
 .text          0x00001bbc       0x3c c:/freescale/cw mcu v10.5/cross_tools/arm-none-eabi-gcc-4_7_3/bin/../lib/gcc/arm-none-eabi/4.7.3/armv6-m\libgcc.a(_clzsi2.o)
                0x00001bbc                __clzsi2
 *(.text*)
 .text.Default_Handler
                0x00001bf8        0xc ./Project_Settings/Startup_Code/kinetis_sysinit.o
                0x00001bf8                RTC_Alarm_IRQHandler
                0x00001bf8                I2C0_IRQHandler
                0x00001bf8                HardFault_Handler
                0x00001bf8                PendSV_Handler
                0x00001bf8                NMI_Handler
                0x00001bf8                I2C1_IRQHandler
                0x00001bf8                UART1_IRQHandler
                0x00001bf8                DMA2_IRQHandler
                0x00001bf8                TSI0_IRQHandler
                0x00001bf8                SPI1_IRQHandler
                0x00001bf8                PORTD_IRQHandler
                0x00001bf8                LPTimer_IRQHandler
                0x00001bf8                RTC_Seconds_IRQHandler
                0x00001bf8                MCG_IRQHandler
                0x00001bf8                UART2_IRQHandler
                0x00001bf8                Default_Handler
                0x00001bf8                LLW_IRQHandler
                0x00001bf8                SVC_Handler
                0x00001bf8                USBOTG_IRQHandler
                0x00001bf8                DMA3_IRQHandler
                0x00001bf8                DMA0_IRQHandler
                0x00001bf8                DAC0_IRQHandler
                0x00001bf8                PMC_IRQHandler
                0x00001bf8                SPI0_IRQHandler
                0x00001bf8                FTM0_IRQHandler
                0x00001bf8                PORTA_IRQHandler
                0x00001bf8                MCM_IRQHandler
                0x00001bf8                FTFL_IRQHandler
                0x00001bf8                FTM2_IRQHandler
                0x00001bf8                CMP0_IRQHandler
                0x00001bf8                DMA1_IRQHandler
 .text.__init_hardware
                0x00001c04       0x2c ./Project_Settings/Startup_Code/kinetis_sysinit.o
                0x00001c04                __init_hardware
 .text.zero_fill_bss
                0x00001c30       0x24 ./Project_Settings/Startup_Code/__arm_start.o
 .text.__thumb_startup
                0x00001c54       0x30 ./Project_Settings/Startup_Code/__arm_start.o
                0x00001c54                __thumb_startup
 .text._ExitProcess
                0x00001c84        0xc ./Project_Settings/Startup_Code/__arm_end.o
                0x00001c84                _ExitProcess
 .text.enable_irq
                0x00001c90       0x6c ./Sources/TFC/TFC_arm_cm0.o
                0x00001c90                enable_irq
 .text.disable_irq
                0x00001cfc       0x40 ./Sources/TFC/TFC_arm_cm0.o
                0x00001cfc                disable_irq
 .text.UART0_IRQHandler
                0x00001d3c       0x78 ./Sources/TFC/TFC_UART.o
                0x00001d3c                UART0_IRQHandler
 .text.FTM1_IRQHandler
                0x00001db4       0x40 ./Sources/TFC/TFC_Servo.o
                0x00001db4                FTM1_IRQHandler
 .text.BytesInQueue
                0x00001df4       0x50 ./Sources/TFC/TFC_Queue.o
                0x00001df4                BytesInQueue
 .text.ByteEnqueue
                0x00001e44       0x64 ./Sources/TFC/TFC_Queue.o
                0x00001e44                ByteEnqueue
 .text.ByteDequeue
                0x00001ea8       0x5c ./Sources/TFC/TFC_Queue.o
                0x00001ea8                ByteDequeue
 *fill*         0x00001f04        0x4 00
 .text.TFC_SetLineScanExposureTime
                0x00001f08       0x70 ./Sources/TFC/TFC_LineScanCamera.o
                0x00001f08                TFC_SetLineScanExposureTime
 .text.ADC_Cal  0x00001f78      0x1b4 ./Sources/TFC/TFC_ADC.o
                0x00001f78                ADC_Cal
 .text.ADC_Config_Alt
                0x0000212c       0x60 ./Sources/TFC/TFC_ADC.o
                0x0000212c                ADC_Config_Alt
 .text.InitADC0
                0x0000218c       0x90 ./Sources/TFC/TFC_ADC.o
                0x0000218c                InitADC0
 .text.TFC_InitADCs
                0x0000221c       0x70 ./Sources/TFC/TFC_ADC.o
                0x0000221c                TFC_InitADCs
 .text.PIT_IRQHandler
                0x0000228c       0x40 ./Sources/TFC/TFC_ADC.o
                0x0000228c                PIT_IRQHandler
 .text.ADC0_IRQHandler
                0x000022cc       0x54 ./Sources/TFC/TFC_ADC.o
                0x000022cc                ADC0_IRQHandler
 .text.Selector
                0x00002320       0x50 ./Sources/app/Selection.o
                0x00002320                Selector
 .text.Head_On  0x00002370       0x14 ./Sources/app/RGB_LEDs.o
                0x00002370                Head_On
 .text.Head_Off
                0x00002384       0x14 ./Sources/app/RGB_LEDs.o
                0x00002384                Head_Off
 .text.Park_On  0x00002398       0x14 ./Sources/app/RGB_LEDs.o
                0x00002398                Park_On
 .text.Park_Off
                0x000023ac       0x14 ./Sources/app/RGB_LEDs.o
                0x000023ac                Park_Off
 .text.Lights_Off
                0x000023c0       0x10 ./Sources/app/RGB_LEDs.o
                0x000023c0                Lights_Off
 .text.Half_Lights
                0x000023d0       0x10 ./Sources/app/RGB_LEDs.o
                0x000023d0                Half_Lights
 .text.Lights_On
                0x000023e0       0x10 ./Sources/app/RGB_LEDs.o
                0x000023e0                Lights_On
 .text.Auto_Lights
                0x000023f0       0x48 ./Sources/app/RGB_LEDs.o
                0x000023f0                Auto_Lights
 .text.gsc_sch_core_tick_isr
                0x00002438       0x14 ./Sources/gsc_scheduler/gsc_sch_core/gsc_sch_core_tick_isr.o
                0x00002438                gsc_sch_core_tick_isr
 .text.gsc_sch_core_Init
                0x0000244c       0x60 ./Sources/gsc_scheduler/gsc_sch_core/gsc_sch_core.o
                0x0000244c                gsc_sch_core_Init
 .text.gsc_sch_core_exec
                0x000024ac      0x11c ./Sources/gsc_scheduler/gsc_sch_core/gsc_sch_core.o
                0x000024ac                gsc_sch_core_exec
 .text.periodic_tasks_init_MclDrvs
                0x000025c8        0x8 ./Sources/gsc_scheduler/periodic_tasks/periodic_tasks_init.o
                0x000025c8                periodic_tasks_init_MclDrvs
 .text.periodic_tasks_init_SysDrvs
                0x000025d0       0x10 ./Sources/gsc_scheduler/periodic_tasks/periodic_tasks_init.o
                0x000025d0                periodic_tasks_init_SysDrvs
 .text.periodic_tasks_init_task_5tks
                0x000025e0        0x8 ./Sources/gsc_scheduler/periodic_tasks/periodic_tasks_init.o
                0x000025e0                periodic_tasks_init_task_5tks
 .text.periodic_tasks_init_task_10tks
                0x000025e8        0x8 ./Sources/gsc_scheduler/periodic_tasks/periodic_tasks_init.o
                0x000025e8                periodic_tasks_init_task_10tks
 .text.periodic_tasks_init_task_20tks
                0x000025f0        0x8 ./Sources/gsc_scheduler/periodic_tasks/periodic_tasks_init.o
                0x000025f0                periodic_tasks_init_task_20tks
 .text.periodic_tasks_init_task_50tks
                0x000025f8        0x8 ./Sources/gsc_scheduler/periodic_tasks/periodic_tasks_init.o
                0x000025f8                periodic_tasks_init_task_50tks
 .text.periodic_tasks_init_task_100tks
                0x00002600        0x8 ./Sources/gsc_scheduler/periodic_tasks/periodic_tasks_init.o
                0x00002600                periodic_tasks_init_task_100tks
 .text.periodic_tasks_init_task_500tks
                0x00002608        0x8 ./Sources/gsc_scheduler/periodic_tasks/periodic_tasks_init.o
                0x00002608                periodic_tasks_init_task_500tks
 .text.periodic_tasks_init_task_1Mtks
                0x00002610        0x8 ./Sources/gsc_scheduler/periodic_tasks/periodic_tasks_init.o
                0x00002610                periodic_tasks_init_task_1Mtks
 .text.periodic_tasks_exec_5tks
                0x00002618       0x18 ./Sources/gsc_scheduler/periodic_tasks/periodic_tasks_exec.o
                0x00002618                periodic_tasks_exec_5tks
 .text.periodic_tasks_exec_10tks
                0x00002630       0x2c ./Sources/gsc_scheduler/periodic_tasks/periodic_tasks_exec.o
                0x00002630                periodic_tasks_exec_10tks
 .text.periodic_tasks_exec_20tks
                0x0000265c       0x28 ./Sources/gsc_scheduler/periodic_tasks/periodic_tasks_exec.o
                0x0000265c                periodic_tasks_exec_20tks
 .text.periodic_tasks_exec_50tks
                0x00002684        0x8 ./Sources/gsc_scheduler/periodic_tasks/periodic_tasks_exec.o
                0x00002684                periodic_tasks_exec_50tks
 .text.periodic_tasks_exec_100tks
                0x0000268c        0x8 ./Sources/gsc_scheduler/periodic_tasks/periodic_tasks_exec.o
                0x0000268c                periodic_tasks_exec_100tks
 .text.periodic_tasks_exec_500tks
                0x00002694        0x8 ./Sources/gsc_scheduler/periodic_tasks/periodic_tasks_exec.o
                0x00002694                periodic_tasks_exec_500tks
 .text.periodic_tasks_exec_1Mtks
                0x0000269c        0x8 ./Sources/gsc_scheduler/periodic_tasks/periodic_tasks_exec.o
                0x0000269c                periodic_tasks_exec_1Mtks
 .text.InitClock
                0x000026a4       0x24 ./Sources/mcl/CrystalClock.o
                0x000026a4                InitClock
 .text.pll_init
                0x000026c8      0x548 ./Sources/mcl/CrystalClock.o
                0x000026c8                pll_init
 .text.InitSysTick
                0x00002c10       0x1c ./Sources/mcl/ARM_SysTick.o
                0x00002c10                InitSysTick
 .text.init_Ports
                0x00002c2c       0xf0 ./Sources/port/Port.o
                0x00002c2c                init_Ports
 .text.main     0x00002d1c       0x20 ./Sources/main.o
                0x00002d1c                main
 .text.WatchDog_cfg
                0x00002d3c       0x1c ./Sources/main.o
                0x00002d3c                WatchDog_cfg
 .text.SysTick_Handler
                0x00002d58       0x1c ./Sources/main.o
                0x00002d58                SysTick_Handler
 .text.exit     0x00002d74       0x38 C:/Freescale/CW MCU v10.5/MCU/ARM_GCC_Support/ewl/lib/armv6-m\libc.a(exit.o)
                0x00002d74                exit
 .text.memset   0x00002dac        0xc C:/Freescale/CW MCU v10.5/MCU/ARM_GCC_Support/ewl/lib/armv6-m\libc.a(memset.o)
                0x00002dac                memset
 .text.strlen   0x00002db8       0x10 C:/Freescale/CW MCU v10.5/MCU/ARM_GCC_Support/ewl/lib/armv6-m\libc.a(strlen.o)
                0x00002db8                strlen
 .text.long2str.isra.0
                0x00002dc8      0x19c C:/Freescale/CW MCU v10.5/MCU/ARM_GCC_Support/ewl/lib/armv6-m\libc.a(printformat_.o)
 .text.__pformatter_
                0x00002f64      0x428 C:/Freescale/CW MCU v10.5/MCU/ARM_GCC_Support/ewl/lib/armv6-m\libc.a(printformat_.o)
                0x00002f64                __pformatter_
 .text.__sformatter
                0x0000338c      0x698 C:/Freescale/CW MCU v10.5/MCU/ARM_GCC_Support/ewl/lib/armv6-m\libc.a(scanformat_.o)
                0x0000338c                __sformatter
 .text.isalpha  0x00003a24       0x20 C:/Freescale/CW MCU v10.5/MCU/ARM_GCC_Support/ewl/lib/armv6-m\libc.a(ctype_aeabi.o)
                0x00003a24                isalpha
 .text.isspace  0x00003a44       0x20 C:/Freescale/CW MCU v10.5/MCU/ARM_GCC_Support/ewl/lib/armv6-m\libc.a(ctype_aeabi.o)
                0x00003a44                isspace
 .text.toupper  0x00003a64        0xe C:/Freescale/CW MCU v10.5/MCU/ARM_GCC_Support/ewl/lib/armv6-m\libc.a(ctype_aeabi.o)
                0x00003a64                toupper
 .text.__strtoul
                0x00003a72      0x1ce C:/Freescale/CW MCU v10.5/MCU/ARM_GCC_Support/ewl/lib/armv6-m\libc.a(__strtoul.o)
                0x00003a72                __strtoul
 .text.__fill_mem
                0x00003c40       0x7e C:/Freescale/CW MCU v10.5/MCU/ARM_GCC_Support/ewl/lib/armv6-m\libc.a(__filll_mem.o)
                0x00003c40                __fill_mem
 .text.memchr   0x00003cbe       0x1a C:/Freescale/CW MCU v10.5/MCU/ARM_GCC_Support/ewl/lib/armv6-m\libc.a(memchr.o)
                0x00003cbe                memchr
 .text.memcpy   0x00003cd8       0x12 C:/Freescale/CW MCU v10.5/MCU/ARM_GCC_Support/ewl/lib/armv6-m\libc.a(memcpy.o)
                0x00003cd8                memcpy
 .text.strchr   0x00003cea       0x1e C:/Freescale/CW MCU v10.5/MCU/ARM_GCC_Support/ewl/lib/armv6-m\libc.a(strchr.o)
                0x00003cea                strchr
 .text.__init_cpp
                0x00003d08       0x48 C:/Freescale/CW MCU v10.5/MCU/ARM_GCC_Support/ewl/lib/armv6-m\librt.a(gcc_ctor_dtor.o)
                0x00003d08                __init_cpp
 .text.__fini_cpp
                0x00003d50       0x34 C:/Freescale/CW MCU v10.5/MCU/ARM_GCC_Support/ewl/lib/armv6-m\librt.a(gcc_ctor_dtor.o)
                0x00003d50                __fini_cpp
 .text.__copy_rom_section
                0x00003d84       0x48 C:/Freescale/CW MCU v10.5/MCU/ARM_GCC_Support/ewl/lib/armv6-m\librt.a(ROMCopy.o)
                0x00003d84                __copy_rom_section
 .text.__copy_rom_sections_to_ram
                0x00003dcc       0x34 C:/Freescale/CW MCU v10.5/MCU/ARM_GCC_Support/ewl/lib/armv6-m\librt.a(ROMCopy.o)
                0x00003dcc                __copy_rom_sections_to_ram
 .text.__destroy_global_chain
                0x00003e00       0x1c C:/Freescale/CW MCU v10.5/MCU/ARM_GCC_Support/ewl/lib/armv6-m\librt.a(__arm_eabi_init.o)
                0x00003e00                __destroy_global_chain
 .text.__init_registers
                0x00003e1c       0x1c C:/Freescale/CW MCU v10.5/MCU/ARM_GCC_Support/ewl/lib/armv6-m\librt.a(__arm_eabi_init.o)
                0x00003e1c                __init_registers
 .text.__init_user
                0x00003e38        0x4 C:/Freescale/CW MCU v10.5/MCU/ARM_GCC_Support/ewl/lib/armv6-m\librt.a(__arm_eabi_init.o)
                0x00003e38                __init_user
 *(.rodata)
 .rodata        0x00003e3c       0x40 c:/freescale/cw mcu v10.5/cross_tools/arm-none-eabi-gcc-4_7_3/bin/../lib/gcc/arm-none-eabi/4.7.3/armv6-m\libgcc.a(divdf3.o)
 .rodata        0x00003e7c       0x40 c:/freescale/cw mcu v10.5/cross_tools/arm-none-eabi-gcc-4_7_3/bin/../lib/gcc/arm-none-eabi/4.7.3/armv6-m\libgcc.a(muldf3.o)
 *(.rodata*)
 .rodata.cps_mngTaskList
                0x00003ebc       0x90 ./Sources/gsc_scheduler/gsc_sch_core/gsc_sch_core_cfg.o
                0x00003ebc                cps_mngTaskList
 .rodata.str1.1
                0x00003f4c        0x1 C:/Freescale/CW MCU v10.5/MCU/ARM_GCC_Support/ewl/lib/armv6-m\libc.a(printformat_.o)
 .rodata.CSWTCH.20
                0x00003f4d        0x5 C:/Freescale/CW MCU v10.5/MCU/ARM_GCC_Support/ewl/lib/armv6-m\libc.a(printformat_.o)
 .rodata.CSWTCH.21
                0x00003f52        0x5 C:/Freescale/CW MCU v10.5/MCU/ARM_GCC_Support/ewl/lib/armv6-m\libc.a(printformat_.o)
 .rodata.__aeabi_ctype_table_C
                0x00003f57      0x101 C:/Freescale/CW MCU v10.5/MCU/ARM_GCC_Support/ewl/lib/armv6-m\libc.a(ctype_aeabi.o)
                0x00003f57                __aeabi_ctype_table_C
 *(.glue_7)
 .glue_7        0x00000000        0x0 linker stubs
 *(.glue_7t)
 .glue_7t       0x00000000        0x0 linker stubs
 *(.eh_frame)
 *(.init)
 *(.fini)
                0x00004058                . = ALIGN (0x4)
                0x00004058                _etext = .

.vfp11_veneer   0x00004058        0x0
 .vfp11_veneer  0x00000000        0x0 linker stubs

.v4_bx          0x00004058        0x0
 .v4_bx         0x00000000        0x0 linker stubs

.iplt           0x00004058        0x0
 .iplt          0x00000000        0x0 ./Project_Settings/Startup_Code/kinetis_sysinit.o

.rel.dyn        0x00004058        0x0
 .rel.iplt      0x00000000        0x0 ./Project_Settings/Startup_Code/kinetis_sysinit.o

.ARM.extab
 *(.ARM.extab* .gnu.linkonce.armextab.*)

.ARM            0x00004058        0x0
                0x00004058                __exidx_start = .
 *(.ARM.exidx*)
                0x00004058                __exidx_end = .

.ctors          0x00004058        0x0
                0x00004058                __CTOR_LIST__ = .
 *crtbegin.o(.ctors)
 *(EXCLUDE_FILE(*crtend.o) .ctors)
 *(SORT(.ctors.*))
 *(.ctors)
                0x00004058                __CTOR_END__ = .

.dtors          0x00004058        0x0
                0x00004058                __DTOR_LIST__ = .
 *crtbegin.o(.dtors)
 *(EXCLUDE_FILE(*crtend.o) .dtors)
 *(SORT(.dtors.*))
 *(.dtors)
                0x00004058                __DTOR_END__ = .

.preinit_array  0x00004058        0x0
                0x00004058                PROVIDE (__preinit_array_start, .)
 *(.preinit_array*)
                0x00004058                PROVIDE (__preinit_array_end, .)

.init_array     0x00004058        0x0
                0x00004058                PROVIDE (__init_array_start, .)
 *(SORT(.init_array.*))
 *(.init_array*)
                0x00004058                PROVIDE (__init_array_end, .)

.fini_array     0x00004058        0x0
                0x00004058                PROVIDE (__fini_array_start, .)
 *(SORT(.fini_array.*))
 *(.fini_array*)
                0x00004058                PROVIDE (__fini_array_end, .)
                0x00004058                ___ROM_AT = .

.mtb            0x1ffff000        0x0
                0x1ffff000                . = ALIGN (0x8)
                0x1ffff000                _mtb_start = .
 *(.mtb_buf)
                0x1ffff000                . = ALIGN (0x8)
                0x1ffff000                _mtb_end = .

.data           0x1ffff000       0x10 load address 0x00004058
                0x1ffff000                . = ALIGN (0x4)
                0x1ffff000                _sdata = .
 *(.data)
 *(.data*)
 .data.Light_FXS
                0x1ffff000       0x10 ./Sources/gsc_scheduler/periodic_tasks/periodic_tasks_exec.o
                0x1ffff000                Light_FXS
                0x1ffff010                . = ALIGN (0x4)
                0x1ffff010                _edata = .
                0x00000010                ___data_size = (_edata - _sdata)

.igot.plt       0x1ffff010        0x0 load address 0x00004068
 .igot.plt      0x00000000        0x0 ./Project_Settings/Startup_Code/kinetis_sysinit.o
                0x1ffff010                . = ALIGN (0x4)

.bss            0x1ffff010      0x8c8 load address 0x00004068
                0x1ffff010                __START_BSS = .
                0x1ffff010                PROVIDE (__bss_start__, __START_BSS)
 *(.bss)
 *(.bss*)
 .bss.argv      0x1ffff010        0x4 ./Project_Settings/Startup_Code/__arm_start.o
 .bss.CurrentADC_State
                0x1ffff014        0x1 ./Sources/TFC/TFC_ADC.o
 .bss.re_sch_mngExecflag
                0x1ffff015        0x1 ./Sources/gsc_scheduler/gsc_sch_core/gsc_sch_core_tick_isr.o
                0x1ffff015                re_sch_mngExecflag
 .bss.value_Sensor
                0x1ffff016        0x1 ./Sources/gsc_scheduler/periodic_tasks/periodic_tasks_exec.o
                0x1ffff016                value_Sensor
 *fill*         0x1ffff017        0x1 00
 .bss.sys_tick_counter
                0x1ffff018        0x4 ./Sources/main.o
                0x1ffff018                sys_tick_counter
 .bss.__stdio_exit
                0x1ffff01c        0x4 C:/Freescale/CW MCU v10.5/MCU/ARM_GCC_Support/ewl/lib/armv6-m\libc.a(exit.o)
                0x1ffff01c                __stdio_exit
 .bss.__console_exit
                0x1ffff020        0x4 C:/Freescale/CW MCU v10.5/MCU/ARM_GCC_Support/ewl/lib/armv6-m\libc.a(exit.o)
                0x1ffff020                __console_exit
 .bss.__S_romp  0x1ffff024        0xc C:/Freescale/CW MCU v10.5/MCU/ARM_GCC_Support/ewl/lib/armv6-m\librt.a(ROMCopy.o)
 .bss.__global_destructor_chain
                0x1ffff030        0x4 C:/Freescale/CW MCU v10.5/MCU/ARM_GCC_Support/ewl/lib/armv6-m\librt.a(__arm_eabi_init.o)
                0x1ffff030                __global_destructor_chain
 *(COMMON)
 COMMON         0x1ffff034      0x898 ./Sources/TFC/TFC_UART.o
                0x1ffff034                SDA_SERIAL_INCOMING_QUEUE
                0x1ffff040                SDA_SERIAL_OUTGOING_QUEUE
                0x1ffff04c                SDA_SERIAL_INCOMING_QUEUE_Storage
                0x1ffff0cc                SDA_SERIAL_OUTGOING_QUEUE_Storage
 COMMON         0x1ffff8cc        0x1 ./Sources/TFC/TFC_Servo.o
                0x1ffff8cc                ServoTickVar
 *fill*         0x1ffff8cd        0x3 00
 COMMON         0x1ffff8d0        0x3 ./Sources/TFC/TFC_ADC.o
                0x1ffff8d0                PotADC_Value
                0x1ffff8d2                BatSenseADC_Value
 *fill*         0x1ffff8d3        0x1 00
 COMMON         0x1ffff8d4        0x2 ./Sources/gsc_scheduler/gsc_sch_core/gsc_sch_core.o
                0x1ffff8d4                rt_curOpMode
 COMMON         0x1ffff8d6        0x1 ./Sources/gsc_scheduler/periodic_tasks/periodic_tasks_exec.o
                0x1ffff8d6                selected_Task
                0x1ffff8d8                . = ALIGN (0x4)
 *fill*         0x1ffff8d7        0x1 00
                0x1ffff8d8                __END_BSS = .
                0x1ffff8d8                PROVIDE (__bss_end__, __END_BSS)
                0x00004068                _romp_at = (___ROM_AT + SIZEOF (.data))

.romp           0x1ffff8d8       0x18 load address 0x00004068
                0x00004068                __S_romp = _romp_at
                0x1ffff8d8        0x4 LONG 0x4058 ___ROM_AT
                0x1ffff8dc        0x4 LONG 0x1ffff000 _sdata
                0x1ffff8e0        0x4 LONG 0x10 ___data_size
                0x1ffff8e4        0x4 LONG 0x0
                0x1ffff8e8        0x4 LONG 0x0
                0x1ffff8ec        0x4 LONG 0x0

._user_heap_stack
                0x1ffff8f0      0x800 load address 0x00004080
                0x1ffff8f0                . = ALIGN (0x4)
                0x1ffff8f0                PROVIDE (end, .)
                0x1ffff8f0                PROVIDE (_end, .)
                0x1ffff8f0                __heap_addr = .
                0x1ffffcf0                . = (. + __heap_size)
 *fill*         0x1ffff8f0      0x400 00
                0x200000f0                . = (. + __stack_size)
 *fill*         0x1ffffcf0      0x400 00
                0x200000f0                . = ALIGN (0x4)

.ARM.attributes
                0x00000000       0x31
 *(.ARM.attributes)
 .ARM.attributes
                0x00000000       0x31 ./Project_Settings/Startup_Code/kinetis_sysinit.o
 .ARM.attributes
                0x00000031       0x31 ./Project_Settings/Startup_Code/__arm_start.o
 .ARM.attributes
                0x00000062       0x31 ./Project_Settings/Startup_Code/__arm_end.o
 .ARM.attributes
                0x00000093       0x31 ./Sources/TFC/TFC_arm_cm0.o
 .ARM.attributes
                0x000000c4       0x31 ./Sources/TFC/TFC_UART.o
 .ARM.attributes
                0x000000f5       0x31 ./Sources/TFC/TFC_Servo.o
 .ARM.attributes
                0x00000126       0x31 ./Sources/TFC/TFC_Queue.o
 .ARM.attributes
                0x00000157       0x31 ./Sources/TFC/TFC_LineScanCamera.o
 .ARM.attributes
                0x00000188       0x31 ./Sources/TFC/TFC_ADC.o
 .ARM.attributes
                0x000001b9       0x31 ./Sources/app/Selection.o
 .ARM.attributes
                0x000001ea       0x31 ./Sources/app/RGB_LEDs.o
 .ARM.attributes
                0x0000021b       0x31 ./Sources/gsc_scheduler/gsc_sch_core/gsc_sch_core_tick_isr.o
 .ARM.attributes
                0x0000024c       0x31 ./Sources/gsc_scheduler/gsc_sch_core/gsc_sch_core_cfg.o
 .ARM.attributes
                0x0000027d       0x31 ./Sources/gsc_scheduler/gsc_sch_core/gsc_sch_core.o
 .ARM.attributes
                0x000002ae       0x31 ./Sources/gsc_scheduler/periodic_tasks/periodic_tasks_init.o
 .ARM.attributes
                0x000002df       0x31 ./Sources/gsc_scheduler/periodic_tasks/periodic_tasks_exec.o
 .ARM.attributes
                0x00000310       0x31 ./Sources/mcl/CrystalClock.o
 .ARM.attributes
                0x00000341       0x31 ./Sources/mcl/ARM_SysTick.o
 .ARM.attributes
                0x00000372       0x31 ./Sources/port/Port.o
 .ARM.attributes
                0x000003a3       0x31 ./Sources/main.o
 .ARM.attributes
                0x000003d4       0x31 C:/Freescale/CW MCU v10.5/MCU/ARM_GCC_Support/ewl/lib/armv6-m\libc.a(exit.o)
 .ARM.attributes
                0x00000405       0x31 C:/Freescale/CW MCU v10.5/MCU/ARM_GCC_Support/ewl/lib/armv6-m\libc.a(memset.o)
 .ARM.attributes
                0x00000436       0x31 C:/Freescale/CW MCU v10.5/MCU/ARM_GCC_Support/ewl/lib/armv6-m\libc.a(strlen.o)
 .ARM.attributes
                0x00000467       0x31 C:/Freescale/CW MCU v10.5/MCU/ARM_GCC_Support/ewl/lib/armv6-m\libc.a(printformat_.o)
 .ARM.attributes
                0x00000498       0x31 C:/Freescale/CW MCU v10.5/MCU/ARM_GCC_Support/ewl/lib/armv6-m\libc.a(scanformat_.o)
 .ARM.attributes
                0x000004c9       0x31 C:/Freescale/CW MCU v10.5/MCU/ARM_GCC_Support/ewl/lib/armv6-m\libc.a(ctype_aeabi.o)
 .ARM.attributes
                0x000004fa       0x31 C:/Freescale/CW MCU v10.5/MCU/ARM_GCC_Support/ewl/lib/armv6-m\libc.a(__strtoul.o)
 .ARM.attributes
                0x0000052b       0x31 C:/Freescale/CW MCU v10.5/MCU/ARM_GCC_Support/ewl/lib/armv6-m\libc.a(__filll_mem.o)
 .ARM.attributes
                0x0000055c       0x31 C:/Freescale/CW MCU v10.5/MCU/ARM_GCC_Support/ewl/lib/armv6-m\libc.a(memchr.o)
 .ARM.attributes
                0x0000058d       0x31 C:/Freescale/CW MCU v10.5/MCU/ARM_GCC_Support/ewl/lib/armv6-m\libc.a(memcpy.o)
 .ARM.attributes
                0x000005be       0x31 C:/Freescale/CW MCU v10.5/MCU/ARM_GCC_Support/ewl/lib/armv6-m\libc.a(strchr.o)
 .ARM.attributes
                0x000005ef       0x1e c:/freescale/cw mcu v10.5/cross_tools/arm-none-eabi-gcc-4_7_3/bin/../lib/gcc/arm-none-eabi/4.7.3/armv6-m\libgcc.a(_thumb1_case_sqi.o)
 .ARM.attributes
                0x0000060d       0x1e c:/freescale/cw mcu v10.5/cross_tools/arm-none-eabi-gcc-4_7_3/bin/../lib/gcc/arm-none-eabi/4.7.3/armv6-m\libgcc.a(_thumb1_case_uqi.o)
 .ARM.attributes
                0x0000062b       0x1e c:/freescale/cw mcu v10.5/cross_tools/arm-none-eabi-gcc-4_7_3/bin/../lib/gcc/arm-none-eabi/4.7.3/armv6-m\libgcc.a(_udivsi3.o)
 .ARM.attributes
                0x00000649       0x1e c:/freescale/cw mcu v10.5/cross_tools/arm-none-eabi-gcc-4_7_3/bin/../lib/gcc/arm-none-eabi/4.7.3/armv6-m\libgcc.a(_divsi3.o)
 .ARM.attributes
                0x00000667       0x1e c:/freescale/cw mcu v10.5/cross_tools/arm-none-eabi-gcc-4_7_3/bin/../lib/gcc/arm-none-eabi/4.7.3/armv6-m\libgcc.a(_dvmd_tls.o)
 .ARM.attributes
                0x00000685       0x1e c:/freescale/cw mcu v10.5/cross_tools/arm-none-eabi-gcc-4_7_3/bin/../lib/gcc/arm-none-eabi/4.7.3/armv6-m\libgcc.a(_arm_cmpsf2.o)
 .ARM.attributes
                0x000006a3       0x2c c:/freescale/cw mcu v10.5/cross_tools/arm-none-eabi-gcc-4_7_3/bin/../lib/gcc/arm-none-eabi/4.7.3/armv6-m\libgcc.a(_fixunssfsi.o)
 .ARM.attributes
                0x000006cf       0x2c c:/freescale/cw mcu v10.5/cross_tools/arm-none-eabi-gcc-4_7_3/bin/../lib/gcc/arm-none-eabi/4.7.3/armv6-m\libgcc.a(eqsf2.o)
 .ARM.attributes
                0x000006fb       0x2c c:/freescale/cw mcu v10.5/cross_tools/arm-none-eabi-gcc-4_7_3/bin/../lib/gcc/arm-none-eabi/4.7.3/armv6-m\libgcc.a(gesf2.o)
 .ARM.attributes
                0x00000727       0x2c c:/freescale/cw mcu v10.5/cross_tools/arm-none-eabi-gcc-4_7_3/bin/../lib/gcc/arm-none-eabi/4.7.3/armv6-m\libgcc.a(lesf2.o)
 .ARM.attributes
                0x00000753       0x2c c:/freescale/cw mcu v10.5/cross_tools/arm-none-eabi-gcc-4_7_3/bin/../lib/gcc/arm-none-eabi/4.7.3/armv6-m\libgcc.a(subsf3.o)
 .ARM.attributes
                0x0000077f       0x2c c:/freescale/cw mcu v10.5/cross_tools/arm-none-eabi-gcc-4_7_3/bin/../lib/gcc/arm-none-eabi/4.7.3/armv6-m\libgcc.a(fixsfsi.o)
 .ARM.attributes
                0x000007ab       0x2c c:/freescale/cw mcu v10.5/cross_tools/arm-none-eabi-gcc-4_7_3/bin/../lib/gcc/arm-none-eabi/4.7.3/armv6-m\libgcc.a(divdf3.o)
 .ARM.attributes
                0x000007d7       0x2c c:/freescale/cw mcu v10.5/cross_tools/arm-none-eabi-gcc-4_7_3/bin/../lib/gcc/arm-none-eabi/4.7.3/armv6-m\libgcc.a(muldf3.o)
 .ARM.attributes
                0x00000803       0x2c c:/freescale/cw mcu v10.5/cross_tools/arm-none-eabi-gcc-4_7_3/bin/../lib/gcc/arm-none-eabi/4.7.3/armv6-m\libgcc.a(floatunsidf.o)
 .ARM.attributes
                0x0000082f       0x2c c:/freescale/cw mcu v10.5/cross_tools/arm-none-eabi-gcc-4_7_3/bin/../lib/gcc/arm-none-eabi/4.7.3/armv6-m\libgcc.a(truncdfsf2.o)
 .ARM.attributes
                0x0000085b       0x1e c:/freescale/cw mcu v10.5/cross_tools/arm-none-eabi-gcc-4_7_3/bin/../lib/gcc/arm-none-eabi/4.7.3/armv6-m\libgcc.a(_clzsi2.o)
 .ARM.attributes
                0x00000879       0x31 C:/Freescale/CW MCU v10.5/MCU/ARM_GCC_Support/ewl/lib/armv6-m\librt.a(gcc_ctor_dtor.o)
 .ARM.attributes
                0x000008aa       0x31 C:/Freescale/CW MCU v10.5/MCU/ARM_GCC_Support/ewl/lib/armv6-m\librt.a(ROMCopy.o)
 .ARM.attributes
                0x000008db       0x31 C:/Freescale/CW MCU v10.5/MCU/ARM_GCC_Support/ewl/lib/armv6-m\librt.a(__arm_eabi_init.o)
OUTPUT(gsc_sch_MKL25Z128.elf elf32-littlearm)

.debug_info     0x00000000     0x5b1c
 .debug_info    0x00000000      0x447 ./Project_Settings/Startup_Code/kinetis_sysinit.o
 .debug_info    0x00000447      0x12a ./Project_Settings/Startup_Code/__arm_start.o
 .debug_info    0x00000571       0x54 ./Project_Settings/Startup_Code/__arm_end.o
 .debug_info    0x000005c5      0x3cb ./Sources/TFC/TFC_arm_cm0.o
 .debug_info    0x00000990      0x84b ./Sources/TFC/TFC_UART.o
 .debug_info    0x000011db      0x614 ./Sources/TFC/TFC_Servo.o
 .debug_info    0x000017ef      0x302 ./Sources/TFC/TFC_Queue.o
 .debug_info    0x00001af1      0x5b7 ./Sources/TFC/TFC_LineScanCamera.o
 .debug_info    0x000020a8      0xa46 ./Sources/TFC/TFC_ADC.o
 .debug_info    0x00002aee      0x10a ./Sources/app/Selection.o
 .debug_info    0x00002bf8      0x1a2 ./Sources/app/RGB_LEDs.o
 .debug_info    0x00002d9a       0xbb ./Sources/gsc_scheduler/gsc_sch_core/gsc_sch_core_tick_isr.o
 .debug_info    0x00002e55      0x16e ./Sources/gsc_scheduler/gsc_sch_core/gsc_sch_core_cfg.o
 .debug_info    0x00002fc3      0x241 ./Sources/gsc_scheduler/gsc_sch_core/gsc_sch_core.o
 .debug_info    0x00003204      0x133 ./Sources/gsc_scheduler/periodic_tasks/periodic_tasks_init.o
 .debug_info    0x00003337      0x1a9 ./Sources/gsc_scheduler/periodic_tasks/periodic_tasks_exec.o
 .debug_info    0x000034e0      0x26f ./Sources/mcl/CrystalClock.o
 .debug_info    0x0000374f       0xe8 ./Sources/mcl/ARM_SysTick.o
 .debug_info    0x00003837      0x3ca ./Sources/port/Port.o
 .debug_info    0x00003c01      0x303 ./Sources/main.o
 .debug_info    0x00003f04       0xe8 C:/Freescale/CW MCU v10.5/MCU/ARM_GCC_Support/ewl/lib/armv6-m\libc.a(exit.o)
 .debug_info    0x00003fec       0xec C:/Freescale/CW MCU v10.5/MCU/ARM_GCC_Support/ewl/lib/armv6-m\libc.a(memset.o)
 .debug_info    0x000040d8       0xea C:/Freescale/CW MCU v10.5/MCU/ARM_GCC_Support/ewl/lib/armv6-m\libc.a(strlen.o)
 .debug_info    0x000041c2      0x50d C:/Freescale/CW MCU v10.5/MCU/ARM_GCC_Support/ewl/lib/armv6-m\libc.a(printformat_.o)
 .debug_info    0x000046cf      0x568 C:/Freescale/CW MCU v10.5/MCU/ARM_GCC_Support/ewl/lib/armv6-m\libc.a(scanformat_.o)
 .debug_info    0x00004c37      0x313 C:/Freescale/CW MCU v10.5/MCU/ARM_GCC_Support/ewl/lib/armv6-m\libc.a(ctype_aeabi.o)
 .debug_info    0x00004f4a      0x1d6 C:/Freescale/CW MCU v10.5/MCU/ARM_GCC_Support/ewl/lib/armv6-m\libc.a(__strtoul.o)
 .debug_info    0x00005120      0x137 C:/Freescale/CW MCU v10.5/MCU/ARM_GCC_Support/ewl/lib/armv6-m\libc.a(__filll_mem.o)
 .debug_info    0x00005257      0x121 C:/Freescale/CW MCU v10.5/MCU/ARM_GCC_Support/ewl/lib/armv6-m\libc.a(memchr.o)
 .debug_info    0x00005378      0x10f C:/Freescale/CW MCU v10.5/MCU/ARM_GCC_Support/ewl/lib/armv6-m\libc.a(memcpy.o)
 .debug_info    0x00005487      0x10b C:/Freescale/CW MCU v10.5/MCU/ARM_GCC_Support/ewl/lib/armv6-m\libc.a(strchr.o)
 .debug_info    0x00005592      0x136 C:/Freescale/CW MCU v10.5/MCU/ARM_GCC_Support/ewl/lib/armv6-m\librt.a(gcc_ctor_dtor.o)
 .debug_info    0x000056c8      0x19b C:/Freescale/CW MCU v10.5/MCU/ARM_GCC_Support/ewl/lib/armv6-m\librt.a(ROMCopy.o)
 .debug_info    0x00005863      0x2b9 C:/Freescale/CW MCU v10.5/MCU/ARM_GCC_Support/ewl/lib/armv6-m\librt.a(__arm_eabi_init.o)

.debug_abbrev   0x00000000     0x1c5c
 .debug_abbrev  0x00000000       0xe7 ./Project_Settings/Startup_Code/kinetis_sysinit.o
 .debug_abbrev  0x000000e7       0x92 ./Project_Settings/Startup_Code/__arm_start.o
 .debug_abbrev  0x00000179       0x4c ./Project_Settings/Startup_Code/__arm_end.o
 .debug_abbrev  0x000001c5      0x102 ./Sources/TFC/TFC_arm_cm0.o
 .debug_abbrev  0x000002c7      0x180 ./Sources/TFC/TFC_UART.o
 .debug_abbrev  0x00000447      0x116 ./Sources/TFC/TFC_Servo.o
 .debug_abbrev  0x0000055d      0x107 ./Sources/TFC/TFC_Queue.o
 .debug_abbrev  0x00000664      0x10f ./Sources/TFC/TFC_LineScanCamera.o
 .debug_abbrev  0x00000773      0x18f ./Sources/TFC/TFC_ADC.o
 .debug_abbrev  0x00000902       0x85 ./Sources/app/Selection.o
 .debug_abbrev  0x00000987       0xa7 ./Sources/app/RGB_LEDs.o
 .debug_abbrev  0x00000a2e       0x78 ./Sources/gsc_scheduler/gsc_sch_core/gsc_sch_core_tick_isr.o
 .debug_abbrev  0x00000aa6       0xa1 ./Sources/gsc_scheduler/gsc_sch_core/gsc_sch_core_cfg.o
 .debug_abbrev  0x00000b47       0xdf ./Sources/gsc_scheduler/gsc_sch_core/gsc_sch_core.o
 .debug_abbrev  0x00000c26       0x3d ./Sources/gsc_scheduler/periodic_tasks/periodic_tasks_init.o
 .debug_abbrev  0x00000c63       0xc9 ./Sources/gsc_scheduler/periodic_tasks/periodic_tasks_exec.o
 .debug_abbrev  0x00000d2c       0xea ./Sources/mcl/CrystalClock.o
 .debug_abbrev  0x00000e16       0x92 ./Sources/mcl/ARM_SysTick.o
 .debug_abbrev  0x00000ea8       0xbe ./Sources/port/Port.o
 .debug_abbrev  0x00000f66       0xc8 ./Sources/main.o
 .debug_abbrev  0x0000102e       0x7a C:/Freescale/CW MCU v10.5/MCU/ARM_GCC_Support/ewl/lib/armv6-m\libc.a(exit.o)
 .debug_abbrev  0x000010a8       0x62 C:/Freescale/CW MCU v10.5/MCU/ARM_GCC_Support/ewl/lib/armv6-m\libc.a(memset.o)
 .debug_abbrev  0x0000110a       0x7a C:/Freescale/CW MCU v10.5/MCU/ARM_GCC_Support/ewl/lib/armv6-m\libc.a(strlen.o)
 .debug_abbrev  0x00001184      0x200 C:/Freescale/CW MCU v10.5/MCU/ARM_GCC_Support/ewl/lib/armv6-m\libc.a(printformat_.o)
 .debug_abbrev  0x00001384      0x1f0 C:/Freescale/CW MCU v10.5/MCU/ARM_GCC_Support/ewl/lib/armv6-m\libc.a(scanformat_.o)
 .debug_abbrev  0x00001574       0x9e C:/Freescale/CW MCU v10.5/MCU/ARM_GCC_Support/ewl/lib/armv6-m\libc.a(ctype_aeabi.o)
 .debug_abbrev  0x00001612       0xc2 C:/Freescale/CW MCU v10.5/MCU/ARM_GCC_Support/ewl/lib/armv6-m\libc.a(__strtoul.o)
 .debug_abbrev  0x000016d4       0x78 C:/Freescale/CW MCU v10.5/MCU/ARM_GCC_Support/ewl/lib/armv6-m\libc.a(__filll_mem.o)
 .debug_abbrev  0x0000174c       0x95 C:/Freescale/CW MCU v10.5/MCU/ARM_GCC_Support/ewl/lib/armv6-m\libc.a(memchr.o)
 .debug_abbrev  0x000017e1       0x95 C:/Freescale/CW MCU v10.5/MCU/ARM_GCC_Support/ewl/lib/armv6-m\libc.a(memcpy.o)
 .debug_abbrev  0x00001876       0x7a C:/Freescale/CW MCU v10.5/MCU/ARM_GCC_Support/ewl/lib/armv6-m\libc.a(strchr.o)
 .debug_abbrev  0x000018f0       0x99 C:/Freescale/CW MCU v10.5/MCU/ARM_GCC_Support/ewl/lib/armv6-m\librt.a(gcc_ctor_dtor.o)
 .debug_abbrev  0x00001989      0x120 C:/Freescale/CW MCU v10.5/MCU/ARM_GCC_Support/ewl/lib/armv6-m\librt.a(ROMCopy.o)
 .debug_abbrev  0x00001aa9      0x1b3 C:/Freescale/CW MCU v10.5/MCU/ARM_GCC_Support/ewl/lib/armv6-m\librt.a(__arm_eabi_init.o)

.debug_loc      0x00000000     0x34bf
 .debug_loc     0x00000000       0x58 ./Project_Settings/Startup_Code/kinetis_sysinit.o
 .debug_loc     0x00000058       0x2c ./Project_Settings/Startup_Code/__arm_start.o
 .debug_loc     0x00000084       0x38 ./Project_Settings/Startup_Code/__arm_end.o
 .debug_loc     0x000000bc      0x138 ./Sources/TFC/TFC_arm_cm0.o
 .debug_loc     0x000001f4      0x170 ./Sources/TFC/TFC_UART.o
 .debug_loc     0x00000364       0xc8 ./Sources/TFC/TFC_Servo.o
 .debug_loc     0x0000042c      0x194 ./Sources/TFC/TFC_Queue.o
 .debug_loc     0x000005c0       0x64 ./Sources/TFC/TFC_LineScanCamera.o
 .debug_loc     0x00000624      0x170 ./Sources/TFC/TFC_ADC.o
 .debug_loc     0x00000794       0x2c ./Sources/app/Selection.o
 .debug_loc     0x000007c0      0x16c ./Sources/app/RGB_LEDs.o
 .debug_loc     0x0000092c       0x2c ./Sources/gsc_scheduler/gsc_sch_core/gsc_sch_core_tick_isr.o
 .debug_loc     0x00000958       0x70 ./Sources/gsc_scheduler/gsc_sch_core/gsc_sch_core.o
 .debug_loc     0x000009c8      0x18c ./Sources/gsc_scheduler/periodic_tasks/periodic_tasks_init.o
 .debug_loc     0x00000b54      0x134 ./Sources/gsc_scheduler/periodic_tasks/periodic_tasks_exec.o
 .debug_loc     0x00000c88       0x70 ./Sources/mcl/CrystalClock.o
 .debug_loc     0x00000cf8       0x2c ./Sources/mcl/ARM_SysTick.o
 .debug_loc     0x00000d24       0x2c ./Sources/port/Port.o
 .debug_loc     0x00000d50       0x84 ./Sources/main.o
 .debug_loc     0x00000dd4       0x3e C:/Freescale/CW MCU v10.5/MCU/ARM_GCC_Support/ewl/lib/armv6-m\libc.a(exit.o)
 .debug_loc     0x00000e12       0x6f C:/Freescale/CW MCU v10.5/MCU/ARM_GCC_Support/ewl/lib/armv6-m\libc.a(memset.o)
 .debug_loc     0x00000e81       0x33 C:/Freescale/CW MCU v10.5/MCU/ARM_GCC_Support/ewl/lib/armv6-m\libc.a(strlen.o)
 .debug_loc     0x00000eb4     0x104b C:/Freescale/CW MCU v10.5/MCU/ARM_GCC_Support/ewl/lib/armv6-m\libc.a(printformat_.o)
 .debug_loc     0x00001eff      0x9d8 C:/Freescale/CW MCU v10.5/MCU/ARM_GCC_Support/ewl/lib/armv6-m\libc.a(scanformat_.o)
 .debug_loc     0x000028d7      0x30d C:/Freescale/CW MCU v10.5/MCU/ARM_GCC_Support/ewl/lib/armv6-m\libc.a(ctype_aeabi.o)
 .debug_loc     0x00002be4      0x305 C:/Freescale/CW MCU v10.5/MCU/ARM_GCC_Support/ewl/lib/armv6-m\libc.a(__strtoul.o)
 .debug_loc     0x00002ee9      0x14a C:/Freescale/CW MCU v10.5/MCU/ARM_GCC_Support/ewl/lib/armv6-m\libc.a(__filll_mem.o)
 .debug_loc     0x00003033       0x77 C:/Freescale/CW MCU v10.5/MCU/ARM_GCC_Support/ewl/lib/armv6-m\libc.a(memchr.o)
 .debug_loc     0x000030aa       0x59 C:/Freescale/CW MCU v10.5/MCU/ARM_GCC_Support/ewl/lib/armv6-m\libc.a(memcpy.o)
 .debug_loc     0x00003103       0xaf C:/Freescale/CW MCU v10.5/MCU/ARM_GCC_Support/ewl/lib/armv6-m\libc.a(strchr.o)
 .debug_loc     0x000031b2       0x9d C:/Freescale/CW MCU v10.5/MCU/ARM_GCC_Support/ewl/lib/armv6-m\librt.a(gcc_ctor_dtor.o)
 .debug_loc     0x0000324f       0xd9 C:/Freescale/CW MCU v10.5/MCU/ARM_GCC_Support/ewl/lib/armv6-m\librt.a(ROMCopy.o)
 .debug_loc     0x00003328      0x197 C:/Freescale/CW MCU v10.5/MCU/ARM_GCC_Support/ewl/lib/armv6-m\librt.a(__arm_eabi_init.o)

.debug_aranges  0x00000000      0x6b0
 .debug_aranges
                0x00000000       0x28 ./Project_Settings/Startup_Code/kinetis_sysinit.o
 .debug_aranges
                0x00000028       0x30 ./Project_Settings/Startup_Code/__arm_start.o
 .debug_aranges
                0x00000058       0x20 ./Project_Settings/Startup_Code/__arm_end.o
 .debug_aranges
                0x00000078       0x48 ./Sources/TFC/TFC_arm_cm0.o
 .debug_aranges
                0x000000c0       0x50 ./Sources/TFC/TFC_UART.o
 .debug_aranges
                0x00000110       0x38 ./Sources/TFC/TFC_Servo.o
 .debug_aranges
                0x00000148       0x50 ./Sources/TFC/TFC_Queue.o
 .debug_aranges
                0x00000198       0x28 ./Sources/TFC/TFC_LineScanCamera.o
 .debug_aranges
                0x000001c0       0x50 ./Sources/TFC/TFC_ADC.o
 .debug_aranges
                0x00000210       0x20 ./Sources/app/Selection.o
 .debug_aranges
                0x00000230       0x58 ./Sources/app/RGB_LEDs.o
 .debug_aranges
                0x00000288       0x20 ./Sources/gsc_scheduler/gsc_sch_core/gsc_sch_core_tick_isr.o
 .debug_aranges
                0x000002a8       0x18 ./Sources/gsc_scheduler/gsc_sch_core/gsc_sch_core_cfg.o
 .debug_aranges
                0x000002c0       0x28 ./Sources/gsc_scheduler/gsc_sch_core/gsc_sch_core.o
 .debug_aranges
                0x000002e8       0x60 ./Sources/gsc_scheduler/periodic_tasks/periodic_tasks_init.o
 .debug_aranges
                0x00000348       0x50 ./Sources/gsc_scheduler/periodic_tasks/periodic_tasks_exec.o
 .debug_aranges
                0x00000398       0x28 ./Sources/mcl/CrystalClock.o
 .debug_aranges
                0x000003c0       0x20 ./Sources/mcl/ARM_SysTick.o
 .debug_aranges
                0x000003e0       0x20 ./Sources/port/Port.o
 .debug_aranges
                0x00000400       0x30 ./Sources/main.o
 .debug_aranges
                0x00000430       0x20 C:/Freescale/CW MCU v10.5/MCU/ARM_GCC_Support/ewl/lib/armv6-m\libc.a(exit.o)
 .debug_aranges
                0x00000450       0x20 C:/Freescale/CW MCU v10.5/MCU/ARM_GCC_Support/ewl/lib/armv6-m\libc.a(memset.o)
 .debug_aranges
                0x00000470       0x20 C:/Freescale/CW MCU v10.5/MCU/ARM_GCC_Support/ewl/lib/armv6-m\libc.a(strlen.o)
 .debug_aranges
                0x00000490       0x28 C:/Freescale/CW MCU v10.5/MCU/ARM_GCC_Support/ewl/lib/armv6-m\libc.a(printformat_.o)
 .debug_aranges
                0x000004b8       0x20 C:/Freescale/CW MCU v10.5/MCU/ARM_GCC_Support/ewl/lib/armv6-m\libc.a(scanformat_.o)
 .debug_aranges
                0x000004d8       0x88 C:/Freescale/CW MCU v10.5/MCU/ARM_GCC_Support/ewl/lib/armv6-m\libc.a(ctype_aeabi.o)
 .debug_aranges
                0x00000560       0x20 C:/Freescale/CW MCU v10.5/MCU/ARM_GCC_Support/ewl/lib/armv6-m\libc.a(__strtoul.o)
 .debug_aranges
                0x00000580       0x20 C:/Freescale/CW MCU v10.5/MCU/ARM_GCC_Support/ewl/lib/armv6-m\libc.a(__filll_mem.o)
 .debug_aranges
                0x000005a0       0x20 C:/Freescale/CW MCU v10.5/MCU/ARM_GCC_Support/ewl/lib/armv6-m\libc.a(memchr.o)
 .debug_aranges
                0x000005c0       0x20 C:/Freescale/CW MCU v10.5/MCU/ARM_GCC_Support/ewl/lib/armv6-m\libc.a(memcpy.o)
 .debug_aranges
                0x000005e0       0x20 C:/Freescale/CW MCU v10.5/MCU/ARM_GCC_Support/ewl/lib/armv6-m\libc.a(strchr.o)
 .debug_aranges
                0x00000600       0x28 C:/Freescale/CW MCU v10.5/MCU/ARM_GCC_Support/ewl/lib/armv6-m\librt.a(gcc_ctor_dtor.o)
 .debug_aranges
                0x00000628       0x30 C:/Freescale/CW MCU v10.5/MCU/ARM_GCC_Support/ewl/lib/armv6-m\librt.a(ROMCopy.o)
 .debug_aranges
                0x00000658       0x58 C:/Freescale/CW MCU v10.5/MCU/ARM_GCC_Support/ewl/lib/armv6-m\librt.a(__arm_eabi_init.o)

.debug_macinfo  0x00000000   0x2c4320
 .debug_macinfo
                0x00000000    0x264b5 ./Project_Settings/Startup_Code/kinetis_sysinit.o
 .debug_macinfo
                0x000264b5     0x3e6d ./Project_Settings/Startup_Code/__arm_start.o
 .debug_macinfo
                0x0002a322     0x3456 ./Project_Settings/Startup_Code/__arm_end.o
 .debug_macinfo
                0x0002d778    0x2652c ./Sources/TFC/TFC_arm_cm0.o
 .debug_macinfo
                0x00053ca4    0x27dc4 ./Sources/TFC/TFC_UART.o
 .debug_macinfo
                0x0007ba68    0x27e8d ./Sources/TFC/TFC_Servo.o
 .debug_macinfo
                0x000a38f5    0x27dc4 ./Sources/TFC/TFC_Queue.o
 .debug_macinfo
                0x000cb6b9    0x27dc4 ./Sources/TFC/TFC_LineScanCamera.o
 .debug_macinfo
                0x000f347d    0x27e53 ./Sources/TFC/TFC_ADC.o
 .debug_macinfo
                0x0011b2d0    0x264ed ./Sources/app/Selection.o
 .debug_macinfo
                0x001417bd    0x265bd ./Sources/app/RGB_LEDs.o
 .debug_macinfo
                0x00167d7a    0x265e6 ./Sources/gsc_scheduler/gsc_sch_core/gsc_sch_core_tick_isr.o
 .debug_macinfo
                0x0018e360    0x266fd ./Sources/gsc_scheduler/gsc_sch_core/gsc_sch_core_cfg.o
 .debug_macinfo
                0x001b4a5d    0x266ad ./Sources/gsc_scheduler/gsc_sch_core/gsc_sch_core.o
 .debug_macinfo
                0x001db10a    0x27ea9 ./Sources/gsc_scheduler/periodic_tasks/periodic_tasks_init.o
 .debug_macinfo
                0x00202fb3    0x27ea9 ./Sources/gsc_scheduler/periodic_tasks/periodic_tasks_exec.o
 .debug_macinfo
                0x0022ae5c    0x265be ./Sources/mcl/CrystalClock.o
 .debug_macinfo
                0x0025141a    0x264ff ./Sources/mcl/ARM_SysTick.o
 .debug_macinfo
                0x00277919    0x264ed ./Sources/port/Port.o
 .debug_macinfo
                0x0029de06    0x2651a ./Sources/main.o

.debug_line     0x00000000     0x4e8b
 .debug_line    0x00000000      0x226 ./Project_Settings/Startup_Code/kinetis_sysinit.o
 .debug_line    0x00000226      0x2a9 ./Project_Settings/Startup_Code/__arm_start.o
 .debug_line    0x000004cf      0x266 ./Project_Settings/Startup_Code/__arm_end.o
 .debug_line    0x00000735      0x2a2 ./Sources/TFC/TFC_arm_cm0.o
 .debug_line    0x000009d7      0x4c2 ./Sources/TFC/TFC_UART.o
 .debug_line    0x00000e99      0x44f ./Sources/TFC/TFC_Servo.o
 .debug_line    0x000012e8      0x49c ./Sources/TFC/TFC_Queue.o
 .debug_line    0x00001784      0x42b ./Sources/TFC/TFC_LineScanCamera.o
 .debug_line    0x00001baf      0x4c4 ./Sources/TFC/TFC_ADC.o
 .debug_line    0x00002073      0x1f3 ./Sources/app/Selection.o
 .debug_line    0x00002266      0x27b ./Sources/app/RGB_LEDs.o
 .debug_line    0x000024e1      0x242 ./Sources/gsc_scheduler/gsc_sch_core/gsc_sch_core_tick_isr.o
 .debug_line    0x00002723      0x290 ./Sources/gsc_scheduler/gsc_sch_core/gsc_sch_core_cfg.o
 .debug_line    0x000029b3      0x285 ./Sources/gsc_scheduler/gsc_sch_core/gsc_sch_core.o
 .debug_line    0x00002c38      0x53b ./Sources/gsc_scheduler/periodic_tasks/periodic_tasks_init.o
 .debug_line    0x00003173      0x51a ./Sources/gsc_scheduler/periodic_tasks/periodic_tasks_exec.o
 .debug_line    0x0000368d      0x2ac ./Sources/mcl/CrystalClock.o
 .debug_line    0x00003939      0x20d ./Sources/mcl/ARM_SysTick.o
 .debug_line    0x00003b46      0x1fa ./Sources/port/Port.o
 .debug_line    0x00003d40      0x26f ./Sources/main.o
 .debug_line    0x00003faf       0x8d C:/Freescale/CW MCU v10.5/MCU/ARM_GCC_Support/ewl/lib/armv6-m\libc.a(exit.o)
 .debug_line    0x0000403c       0x90 C:/Freescale/CW MCU v10.5/MCU/ARM_GCC_Support/ewl/lib/armv6-m\libc.a(memset.o)
 .debug_line    0x000040cc       0x85 C:/Freescale/CW MCU v10.5/MCU/ARM_GCC_Support/ewl/lib/armv6-m\libc.a(strlen.o)
 .debug_line    0x00004151      0x2c3 C:/Freescale/CW MCU v10.5/MCU/ARM_GCC_Support/ewl/lib/armv6-m\libc.a(printformat_.o)
 .debug_line    0x00004414      0x2be C:/Freescale/CW MCU v10.5/MCU/ARM_GCC_Support/ewl/lib/armv6-m\libc.a(scanformat_.o)
 .debug_line    0x000046d2      0x1be C:/Freescale/CW MCU v10.5/MCU/ARM_GCC_Support/ewl/lib/armv6-m\libc.a(ctype_aeabi.o)
 .debug_line    0x00004890      0x11e C:/Freescale/CW MCU v10.5/MCU/ARM_GCC_Support/ewl/lib/armv6-m\libc.a(__strtoul.o)
 .debug_line    0x000049ae       0xf6 C:/Freescale/CW MCU v10.5/MCU/ARM_GCC_Support/ewl/lib/armv6-m\libc.a(__filll_mem.o)
 .debug_line    0x00004aa4       0x9f C:/Freescale/CW MCU v10.5/MCU/ARM_GCC_Support/ewl/lib/armv6-m\libc.a(memchr.o)
 .debug_line    0x00004b43       0x8b C:/Freescale/CW MCU v10.5/MCU/ARM_GCC_Support/ewl/lib/armv6-m\libc.a(memcpy.o)
 .debug_line    0x00004bce       0x7d C:/Freescale/CW MCU v10.5/MCU/ARM_GCC_Support/ewl/lib/armv6-m\libc.a(strchr.o)
 .debug_line    0x00004c4b       0x6c C:/Freescale/CW MCU v10.5/MCU/ARM_GCC_Support/ewl/lib/armv6-m\librt.a(gcc_ctor_dtor.o)
 .debug_line    0x00004cb7       0xbd C:/Freescale/CW MCU v10.5/MCU/ARM_GCC_Support/ewl/lib/armv6-m\librt.a(ROMCopy.o)
 .debug_line    0x00004d74      0x117 C:/Freescale/CW MCU v10.5/MCU/ARM_GCC_Support/ewl/lib/armv6-m\librt.a(__arm_eabi_init.o)

.debug_str      0x00000000     0x1cb9
 .debug_str     0x00000000      0x2a7 ./Project_Settings/Startup_Code/kinetis_sysinit.o
                                0x2ce (size before relaxing)
 .debug_str     0x000002a7       0x85 ./Project_Settings/Startup_Code/__arm_start.o
                                0x1a8 (size before relaxing)
 .debug_str     0x0000032c       0x41 ./Project_Settings/Startup_Code/__arm_end.o
                                 0xdf (size before relaxing)
 .debug_str     0x0000036d       0xdd ./Sources/TFC/TFC_arm_cm0.o
                                0x242 (size before relaxing)
 .debug_str     0x0000044a      0x423 ./Sources/TFC/TFC_UART.o
                                0x658 (size before relaxing)
 .debug_str     0x0000086d       0xb8 ./Sources/TFC/TFC_Servo.o
                                0x53a (size before relaxing)
 .debug_str     0x00000925       0xa4 ./Sources/TFC/TFC_Queue.o
                                0x22d (size before relaxing)
 .debug_str     0x000009c9      0x18a ./Sources/TFC/TFC_LineScanCamera.o
                                0x3d0 (size before relaxing)
 .debug_str     0x00000b53      0x1e1 ./Sources/TFC/TFC_ADC.o
                                0x6c0 (size before relaxing)
 .debug_str     0x00000d34       0x24 ./Sources/app/Selection.o
                                0x171 (size before relaxing)
 .debug_str     0x00000d58       0x74 ./Sources/app/RGB_LEDs.o
                                0x1c1 (size before relaxing)
 .debug_str     0x00000dcc       0x86 ./Sources/gsc_scheduler/gsc_sch_core/gsc_sch_core_tick_isr.o
                                0x19e (size before relaxing)
 .debug_str     0x00000e52      0x157 ./Sources/gsc_scheduler/gsc_sch_core/gsc_sch_core_cfg.o
                                0x26f (size before relaxing)
 .debug_str     0x00000fa9       0xac ./Sources/gsc_scheduler/gsc_sch_core/gsc_sch_core.o
                                0x314 (size before relaxing)
 .debug_str     0x00001055      0x150 ./Sources/gsc_scheduler/periodic_tasks/periodic_tasks_init.o
                                0x26d (size before relaxing)
 .debug_str     0x000011a5      0x124 ./Sources/gsc_scheduler/periodic_tasks/periodic_tasks_exec.o
                                0x266 (size before relaxing)
 .debug_str     0x000012c9       0xc5 ./Sources/mcl/CrystalClock.o
                                0x1f4 (size before relaxing)
 .debug_str     0x0000138e       0x50 ./Sources/mcl/ARM_SysTick.o
                                0x16a (size before relaxing)
 .debug_str     0x000013de       0x22 ./Sources/port/Port.o
                                0x289 (size before relaxing)
 .debug_str     0x00001400       0x45 ./Sources/main.o
                                0x254 (size before relaxing)
 .debug_str     0x00001445       0x54 C:/Freescale/CW MCU v10.5/MCU/ARM_GCC_Support/ewl/lib/armv6-m\libc.a(exit.o)
                                0x157 (size before relaxing)
 .debug_str     0x00001499       0x23 C:/Freescale/CW MCU v10.5/MCU/ARM_GCC_Support/ewl/lib/armv6-m\libc.a(memset.o)
                                0x140 (size before relaxing)
 .debug_str     0x000014bc       0x24 C:/Freescale/CW MCU v10.5/MCU/ARM_GCC_Support/ewl/lib/armv6-m\libc.a(strlen.o)
                                0x140 (size before relaxing)
 .debug_str     0x000014e0      0x224 C:/Freescale/CW MCU v10.5/MCU/ARM_GCC_Support/ewl/lib/armv6-m\libc.a(printformat_.o)
                                0x3b3 (size before relaxing)
 .debug_str     0x00001704      0x184 C:/Freescale/CW MCU v10.5/MCU/ARM_GCC_Support/ewl/lib/armv6-m\libc.a(scanformat_.o)
                                0x3f9 (size before relaxing)
 .debug_str     0x00001888       0x9d C:/Freescale/CW MCU v10.5/MCU/ARM_GCC_Support/ewl/lib/armv6-m\libc.a(ctype_aeabi.o)
                                0x1bc (size before relaxing)
 .debug_str     0x00001925       0x61 C:/Freescale/CW MCU v10.5/MCU/ARM_GCC_Support/ewl/lib/armv6-m\libc.a(__strtoul.o)
                                0x1fb (size before relaxing)
 .debug_str     0x00001986       0x25 C:/Freescale/CW MCU v10.5/MCU/ARM_GCC_Support/ewl/lib/armv6-m\libc.a(__filll_mem.o)
                                0x152 (size before relaxing)
 .debug_str     0x000019ab       0x1c C:/Freescale/CW MCU v10.5/MCU/ARM_GCC_Support/ewl/lib/armv6-m\libc.a(memchr.o)
                                0x148 (size before relaxing)
 .debug_str     0x000019c7       0x1c C:/Freescale/CW MCU v10.5/MCU/ARM_GCC_Support/ewl/lib/armv6-m\libc.a(memcpy.o)
                                0x138 (size before relaxing)
 .debug_str     0x000019e3       0x1c C:/Freescale/CW MCU v10.5/MCU/ARM_GCC_Support/ewl/lib/armv6-m\libc.a(strchr.o)
                                0x137 (size before relaxing)
 .debug_str     0x000019ff      0x126 C:/Freescale/CW MCU v10.5/MCU/ARM_GCC_Support/ewl/lib/armv6-m\librt.a(gcc_ctor_dtor.o)
                                0x181 (size before relaxing)
 .debug_str     0x00001b25       0x9c C:/Freescale/CW MCU v10.5/MCU/ARM_GCC_Support/ewl/lib/armv6-m\librt.a(ROMCopy.o)
                                0x13c (size before relaxing)
 .debug_str     0x00001bc1       0xf8 C:/Freescale/CW MCU v10.5/MCU/ARM_GCC_Support/ewl/lib/armv6-m\librt.a(__arm_eabi_init.o)
                                0x1b5 (size before relaxing)

.comment        0x00000000       0x79
 .comment       0x00000000       0x79 ./Project_Settings/Startup_Code/kinetis_sysinit.o
                                 0x7a (size before relaxing)
 .comment       0x00000000       0x7a ./Project_Settings/Startup_Code/__arm_start.o
 .comment       0x00000000       0x7a ./Project_Settings/Startup_Code/__arm_end.o
 .comment       0x00000000       0x7a ./Sources/TFC/TFC_arm_cm0.o
 .comment       0x00000000       0x7a ./Sources/TFC/TFC_UART.o
 .comment       0x00000000       0x7a ./Sources/TFC/TFC_Servo.o
 .comment       0x00000000       0x7a ./Sources/TFC/TFC_Queue.o
 .comment       0x00000000       0x7a ./Sources/TFC/TFC_LineScanCamera.o
 .comment       0x00000000       0x7a ./Sources/TFC/TFC_ADC.o
 .comment       0x00000000       0x7a ./Sources/app/Selection.o
 .comment       0x00000000       0x7a ./Sources/app/RGB_LEDs.o
 .comment       0x00000000       0x7a ./Sources/gsc_scheduler/gsc_sch_core/gsc_sch_core_tick_isr.o
 .comment       0x00000000       0x7a ./Sources/gsc_scheduler/gsc_sch_core/gsc_sch_core_cfg.o
 .comment       0x00000000       0x7a ./Sources/gsc_scheduler/gsc_sch_core/gsc_sch_core.o
 .comment       0x00000000       0x7a ./Sources/gsc_scheduler/periodic_tasks/periodic_tasks_init.o
 .comment       0x00000000       0x7a ./Sources/gsc_scheduler/periodic_tasks/periodic_tasks_exec.o
 .comment       0x00000000       0x7a ./Sources/mcl/CrystalClock.o
 .comment       0x00000000       0x7a ./Sources/mcl/ARM_SysTick.o
 .comment       0x00000000       0x7a ./Sources/port/Port.o
 .comment       0x00000000       0x7a ./Sources/main.o
 .comment       0x00000000       0x7a C:/Freescale/CW MCU v10.5/MCU/ARM_GCC_Support/ewl/lib/armv6-m\libc.a(exit.o)
 .comment       0x00000000       0x7a C:/Freescale/CW MCU v10.5/MCU/ARM_GCC_Support/ewl/lib/armv6-m\libc.a(memset.o)
 .comment       0x00000000       0x7a C:/Freescale/CW MCU v10.5/MCU/ARM_GCC_Support/ewl/lib/armv6-m\libc.a(strlen.o)
 .comment       0x00000000       0x7a C:/Freescale/CW MCU v10.5/MCU/ARM_GCC_Support/ewl/lib/armv6-m\libc.a(printformat_.o)
 .comment       0x00000000       0x7a C:/Freescale/CW MCU v10.5/MCU/ARM_GCC_Support/ewl/lib/armv6-m\libc.a(scanformat_.o)
 .comment       0x00000000       0x7a C:/Freescale/CW MCU v10.5/MCU/ARM_GCC_Support/ewl/lib/armv6-m\libc.a(ctype_aeabi.o)
 .comment       0x00000000       0x7a C:/Freescale/CW MCU v10.5/MCU/ARM_GCC_Support/ewl/lib/armv6-m\libc.a(__strtoul.o)
 .comment       0x00000000       0x7a C:/Freescale/CW MCU v10.5/MCU/ARM_GCC_Support/ewl/lib/armv6-m\libc.a(__filll_mem.o)
 .comment       0x00000000       0x7a C:/Freescale/CW MCU v10.5/MCU/ARM_GCC_Support/ewl/lib/armv6-m\libc.a(memchr.o)
 .comment       0x00000000       0x7a C:/Freescale/CW MCU v10.5/MCU/ARM_GCC_Support/ewl/lib/armv6-m\libc.a(memcpy.o)
 .comment       0x00000000       0x7a C:/Freescale/CW MCU v10.5/MCU/ARM_GCC_Support/ewl/lib/armv6-m\libc.a(strchr.o)
 .comment       0x00000000       0x7a C:/Freescale/CW MCU v10.5/MCU/ARM_GCC_Support/ewl/lib/armv6-m\librt.a(gcc_ctor_dtor.o)
 .comment       0x00000000       0x7a C:/Freescale/CW MCU v10.5/MCU/ARM_GCC_Support/ewl/lib/armv6-m\librt.a(ROMCopy.o)
 .comment       0x00000000       0x7a C:/Freescale/CW MCU v10.5/MCU/ARM_GCC_Support/ewl/lib/armv6-m\librt.a(__arm_eabi_init.o)

.debug_frame    0x00000000     0x1048
 .debug_frame   0x00000000       0x48 ./Project_Settings/Startup_Code/kinetis_sysinit.o
 .debug_frame   0x00000048       0x4c ./Project_Settings/Startup_Code/__arm_start.o
 .debug_frame   0x00000094       0x30 ./Project_Settings/Startup_Code/__arm_end.o
 .debug_frame   0x000000c4       0xc8 ./Sources/TFC/TFC_arm_cm0.o
 .debug_frame   0x0000018c       0xe8 ./Sources/TFC/TFC_UART.o
 .debug_frame   0x00000274       0x88 ./Sources/TFC/TFC_Servo.o
 .debug_frame   0x000002fc       0xf0 ./Sources/TFC/TFC_Queue.o
 .debug_frame   0x000003ec       0x4c ./Sources/TFC/TFC_LineScanCamera.o
 .debug_frame   0x00000438       0xe8 ./Sources/TFC/TFC_ADC.o
 .debug_frame   0x00000520       0x2c ./Sources/app/Selection.o
 .debug_frame   0x0000054c       0xf4 ./Sources/app/RGB_LEDs.o
 .debug_frame   0x00000640       0x2c ./Sources/gsc_scheduler/gsc_sch_core/gsc_sch_core_tick_isr.o
 .debug_frame   0x0000066c       0x50 ./Sources/gsc_scheduler/gsc_sch_core/gsc_sch_core.o
 .debug_frame   0x000006bc      0x10c ./Sources/gsc_scheduler/periodic_tasks/periodic_tasks_init.o
 .debug_frame   0x000007c8       0xd4 ./Sources/gsc_scheduler/periodic_tasks/periodic_tasks_exec.o
 .debug_frame   0x0000089c       0x50 ./Sources/mcl/CrystalClock.o
 .debug_frame   0x000008ec       0x2c ./Sources/mcl/ARM_SysTick.o
 .debug_frame   0x00000918       0x2c ./Sources/port/Port.o
 .debug_frame   0x00000944       0x64 ./Sources/main.o
 .debug_frame   0x000009a8       0x2c C:/Freescale/CW MCU v10.5/MCU/ARM_GCC_Support/ewl/lib/armv6-m\libc.a(exit.o)
 .debug_frame   0x000009d4       0x28 C:/Freescale/CW MCU v10.5/MCU/ARM_GCC_Support/ewl/lib/armv6-m\libc.a(memset.o)
 .debug_frame   0x000009fc       0x28 C:/Freescale/CW MCU v10.5/MCU/ARM_GCC_Support/ewl/lib/armv6-m\libc.a(strlen.o)
 .debug_frame   0x00000a24       0x54 C:/Freescale/CW MCU v10.5/MCU/ARM_GCC_Support/ewl/lib/armv6-m\libc.a(printformat_.o)
 .debug_frame   0x00000a78       0x34 C:/Freescale/CW MCU v10.5/MCU/ARM_GCC_Support/ewl/lib/armv6-m\libc.a(scanformat_.o)
 .debug_frame   0x00000aac      0x158 C:/Freescale/CW MCU v10.5/MCU/ARM_GCC_Support/ewl/lib/armv6-m\libc.a(ctype_aeabi.o)
 .debug_frame   0x00000c04       0x30 C:/Freescale/CW MCU v10.5/MCU/ARM_GCC_Support/ewl/lib/armv6-m\libc.a(__strtoul.o)
 .debug_frame   0x00000c34       0x2c C:/Freescale/CW MCU v10.5/MCU/ARM_GCC_Support/ewl/lib/armv6-m\libc.a(__filll_mem.o)
 .debug_frame   0x00000c60       0x28 C:/Freescale/CW MCU v10.5/MCU/ARM_GCC_Support/ewl/lib/armv6-m\libc.a(memchr.o)
 .debug_frame   0x00000c88       0x28 C:/Freescale/CW MCU v10.5/MCU/ARM_GCC_Support/ewl/lib/armv6-m\libc.a(memcpy.o)
 .debug_frame   0x00000cb0       0x28 C:/Freescale/CW MCU v10.5/MCU/ARM_GCC_Support/ewl/lib/armv6-m\libc.a(strchr.o)
 .debug_frame   0x00000cd8       0x20 c:/freescale/cw mcu v10.5/cross_tools/arm-none-eabi-gcc-4_7_3/bin/../lib/gcc/arm-none-eabi/4.7.3/armv6-m\libgcc.a(_udivsi3.o)
 .debug_frame   0x00000cf8       0x20 c:/freescale/cw mcu v10.5/cross_tools/arm-none-eabi-gcc-4_7_3/bin/../lib/gcc/arm-none-eabi/4.7.3/armv6-m\libgcc.a(_divsi3.o)
 .debug_frame   0x00000d18       0x28 c:/freescale/cw mcu v10.5/cross_tools/arm-none-eabi-gcc-4_7_3/bin/../lib/gcc/arm-none-eabi/4.7.3/armv6-m\libgcc.a(_fixunssfsi.o)
 .debug_frame   0x00000d40       0x2c c:/freescale/cw mcu v10.5/cross_tools/arm-none-eabi-gcc-4_7_3/bin/../lib/gcc/arm-none-eabi/4.7.3/armv6-m\libgcc.a(eqsf2.o)
 .debug_frame   0x00000d6c       0x30 c:/freescale/cw mcu v10.5/cross_tools/arm-none-eabi-gcc-4_7_3/bin/../lib/gcc/arm-none-eabi/4.7.3/armv6-m\libgcc.a(gesf2.o)
 .debug_frame   0x00000d9c       0x30 c:/freescale/cw mcu v10.5/cross_tools/arm-none-eabi-gcc-4_7_3/bin/../lib/gcc/arm-none-eabi/4.7.3/armv6-m\libgcc.a(lesf2.o)
 .debug_frame   0x00000dcc       0x30 c:/freescale/cw mcu v10.5/cross_tools/arm-none-eabi-gcc-4_7_3/bin/../lib/gcc/arm-none-eabi/4.7.3/armv6-m\libgcc.a(subsf3.o)
 .debug_frame   0x00000dfc       0x28 c:/freescale/cw mcu v10.5/cross_tools/arm-none-eabi-gcc-4_7_3/bin/../lib/gcc/arm-none-eabi/4.7.3/armv6-m\libgcc.a(fixsfsi.o)
 .debug_frame   0x00000e24       0x3c c:/freescale/cw mcu v10.5/cross_tools/arm-none-eabi-gcc-4_7_3/bin/../lib/gcc/arm-none-eabi/4.7.3/armv6-m\libgcc.a(divdf3.o)
 .debug_frame   0x00000e60       0x3c c:/freescale/cw mcu v10.5/cross_tools/arm-none-eabi-gcc-4_7_3/bin/../lib/gcc/arm-none-eabi/4.7.3/armv6-m\libgcc.a(muldf3.o)
 .debug_frame   0x00000e9c       0x2c c:/freescale/cw mcu v10.5/cross_tools/arm-none-eabi-gcc-4_7_3/bin/../lib/gcc/arm-none-eabi/4.7.3/armv6-m\libgcc.a(floatunsidf.o)
 .debug_frame   0x00000ec8       0x30 c:/freescale/cw mcu v10.5/cross_tools/arm-none-eabi-gcc-4_7_3/bin/../lib/gcc/arm-none-eabi/4.7.3/armv6-m\libgcc.a(truncdfsf2.o)
 .debug_frame   0x00000ef8       0x40 C:/Freescale/CW MCU v10.5/MCU/ARM_GCC_Support/ewl/lib/armv6-m\librt.a(gcc_ctor_dtor.o)
 .debug_frame   0x00000f38       0x54 C:/Freescale/CW MCU v10.5/MCU/ARM_GCC_Support/ewl/lib/armv6-m\librt.a(ROMCopy.o)
 .debug_frame   0x00000f8c       0xbc C:/Freescale/CW MCU v10.5/MCU/ARM_GCC_Support/ewl/lib/armv6-m\librt.a(__arm_eabi_init.o)
